Watching for file changes with StatReloader
[27/May/2026 17:34:59] "GET /api/builder/workflows/0a6158cb-03f2-4170-aa8b-376d1499eeaf/graph/ HTTP/1.1" 200 7570
[27/May/2026 17:35:59] "GET /api/builder/workflows/0a6158cb-03f2-4170-aa8b-376d1499eeaf/graph/ HTTP/1.1" 200 7570
[27/May/2026 17:36:59] "GET /api/builder/workflows/0a6158cb-03f2-4170-aa8b-376d1499eeaf/graph/ HTTP/1.1" 200 7570
[27/May/2026 17:37:59] "GET /api/builder/workflows/0a6158cb-03f2-4170-aa8b-376d1499eeaf/graph/ HTTP/1.1" 200 7570
[27/May/2026 17:38:59] "GET /api/builder/workflows/0a6158cb-03f2-4170-aa8b-376d1499eeaf/graph/ HTTP/1.1" 200 7570
[27/May/2026 17:39:59] "GET /api/builder/workflows/0a6158cb-03f2-4170-aa8b-376d1499eeaf/graph/ HTTP/1.1" 200 7570
[27/May/2026 17:40:59] "GET /api/builder/workflows/0a6158cb-03f2-4170-aa8b-376d1499eeaf/graph/ HTTP/1.1" 200 7570
[27/May/2026 17:41:51] "GET /api/builder/catalog/categories/ HTTP/1.1" 200 6208
[27/May/2026 17:41:52] "GET /api/builder/workflows/0a6158cb-03f2-4170-aa8b-376d1499eeaf/graph/ HTTP/1.1" 200 7570
[27/May/2026 17:41:53] "GET /api/agent-tools/ HTTP/1.1" 200 21393
[27/May/2026 17:41:53] "GET /api/builder/catalog/categories/ HTTP/1.1" 200 6208
[27/May/2026 17:41:54] "GET /api/agent-tools/ HTTP/1.1" 200 21393
[27/May/2026 17:41:54] "GET /api/builder/workflows/0a6158cb-03f2-4170-aa8b-376d1499eeaf/graph/ HTTP/1.1" 200 7570
[27/May/2026 17:41:55] "GET /api/builder/workflows/0a6158cb-03f2-4170-aa8b-376d1499eeaf/graph/ HTTP/1.1" 200 7570
[27/May/2026 17:41:55] "GET /api/agent-tools/ HTTP/1.1" 200 21393
[27/May/2026 17:41:56] "GET /api/agent-tools/ HTTP/1.1" 200 21393
[27/May/2026 17:42:00] "GET /api/builder/workflows/0a6158cb-03f2-4170-aa8b-376d1499eeaf/graph/ HTTP/1.1" 200 7570
[27/May/2026 17:42:04] "GET /api/builder/workflows/0a6158cb-03f2-4170-aa8b-376d1499eeaf/graph/ HTTP/1.1" 200 7570
[27/May/2026 17:42:08] "GET /api/builder/workflows/0a6158cb-03f2-4170-aa8b-376d1499eeaf/graph/ HTTP/1.1" 200 7570
[27/May/2026 17:42:12] "GET /api/builder/workflows/0a6158cb-03f2-4170-aa8b-376d1499eeaf/graph/ HTTP/1.1" 200 7570
[27/May/2026 17:42:16] "GET /api/builder/workflows/0a6158cb-03f2-4170-aa8b-376d1499eeaf/graph/ HTTP/1.1" 200 7570
[27/May/2026 17:42:20] "GET /api/builder/workflows/0a6158cb-03f2-4170-aa8b-376d1499eeaf/graph/ HTTP/1.1" 200 7570
[27/May/2026 17:42:24] "GET /api/builder/workflows/0a6158cb-03f2-4170-aa8b-376d1499eeaf/graph/ HTTP/1.1" 200 7570
[27/May/2026 17:42:29] "GET /api/builder/workflows/0a6158cb-03f2-4170-aa8b-376d1499eeaf/graph/ HTTP/1.1" 200 7570
[27/May/2026 17:42:33] "GET /api/builder/workflows/0a6158cb-03f2-4170-aa8b-376d1499eeaf/graph/ HTTP/1.1" 200 7570
[27/May/2026 17:42:37] "GET /api/builder/workflows/0a6158cb-03f2-4170-aa8b-376d1499eeaf/graph/ HTTP/1.1" 200 7570
[27/May/2026 17:42:41] "GET /api/builder/workflows/0a6158cb-03f2-4170-aa8b-376d1499eeaf/graph/ HTTP/1.1" 200 7570
[27/May/2026 17:42:45] "GET /api/builder/workflows/0a6158cb-03f2-4170-aa8b-376d1499eeaf/graph/ HTTP/1.1" 200 7570
[27/May/2026 17:42:49] "GET /api/builder/workflows/0a6158cb-03f2-4170-aa8b-376d1499eeaf/graph/ HTTP/1.1" 200 7570
[27/May/2026 17:42:53] "GET /api/builder/workflows/0a6158cb-03f2-4170-aa8b-376d1499eeaf/graph/ HTTP/1.1" 200 7570
[27/May/2026 17:42:57] "GET /api/builder/workflows/0a6158cb-03f2-4170-aa8b-376d1499eeaf/graph/ HTTP/1.1" 200 7570
[27/May/2026 17:43:01] "GET /api/builder/workflows/0a6158cb-03f2-4170-aa8b-376d1499eeaf/graph/ HTTP/1.1" 200 7570
[27/May/2026 17:43:05] "GET /api/builder/workflows/0a6158cb-03f2-4170-aa8b-376d1499eeaf/graph/ HTTP/1.1" 200 7570
[27/May/2026 17:43:09] "GET /api/builder/workflows/0a6158cb-03f2-4170-aa8b-376d1499eeaf/graph/ HTTP/1.1" 200 7570
[27/May/2026 17:43:13] "GET /api/builder/workflows/0a6158cb-03f2-4170-aa8b-376d1499eeaf/graph/ HTTP/1.1" 200 7570
[27/May/2026 17:43:17] "GET /api/builder/workflows/0a6158cb-03f2-4170-aa8b-376d1499eeaf/graph/ HTTP/1.1" 200 7570
[27/May/2026 17:43:21] "GET /api/builder/workflows/0a6158cb-03f2-4170-aa8b-376d1499eeaf/graph/ HTTP/1.1" 200 7570
[27/May/2026 17:43:25] "GET /api/builder/workflows/0a6158cb-03f2-4170-aa8b-376d1499eeaf/graph/ HTTP/1.1" 200 7570
[27/May/2026 17:43:59] "GET /api/builder/workflows/0a6158cb-03f2-4170-aa8b-376d1499eeaf/graph/ HTTP/1.1" 200 7570
[27/May/2026 17:44:59] "GET /api/builder/workflows/0a6158cb-03f2-4170-aa8b-376d1499eeaf/graph/ HTTP/1.1" 200 7570
[27/May/2026 17:45:59] "GET /api/builder/workflows/0a6158cb-03f2-4170-aa8b-376d1499eeaf/graph/ HTTP/1.1" 200 7570
[27/May/2026 17:46:59] "GET /api/builder/workflows/0a6158cb-03f2-4170-aa8b-376d1499eeaf/graph/ HTTP/1.1" 200 7570
[27/May/2026 17:47:21] "GET /api/builder/catalog/categories/ HTTP/1.1" 200 6208
[27/May/2026 17:47:22] "GET /api/builder/workflows/0a6158cb-03f2-4170-aa8b-376d1499eeaf/graph/ HTTP/1.1" 200 7570
[27/May/2026 17:47:24] "GET /api/builder/workflows/0a6158cb-03f2-4170-aa8b-376d1499eeaf/graph/ HTTP/1.1" 200 7570
[27/May/2026 17:47:28] "GET /api/builder/workflows/0a6158cb-03f2-4170-aa8b-376d1499eeaf/graph/ HTTP/1.1" 200 7876
[27/May/2026 17:47:28] "POST /api/builder/workflows/0a6158cb-03f2-4170-aa8b-376d1499eeaf/attach/ HTTP/1.1" 202 4162
[27/May/2026 17:47:29] "GET /api/builder/workflows/0a6158cb-03f2-4170-aa8b-376d1499eeaf/graph/ HTTP/1.1" 200 8064
[27/May/2026 17:47:30] "GET /api/builder/workflows/0a6158cb-03f2-4170-aa8b-376d1499eeaf/graph/ HTTP/1.1" 200 8065
[27/May/2026 17:47:32] "GET /api/builder/workflows/0a6158cb-03f2-4170-aa8b-376d1499eeaf/graph/ HTTP/1.1" 200 8065
[27/May/2026 17:47:36] "GET /api/builder/workflows/0a6158cb-03f2-4170-aa8b-376d1499eeaf/graph/ HTTP/1.1" 200 8065
[27/May/2026 17:47:39] "POST /api/builder/workflows/0a6158cb-03f2-4170-aa8b-376d1499eeaf/attach/ HTTP/1.1" 202 4630
[27/May/2026 17:47:40] "GET /api/builder/workflows/0a6158cb-03f2-4170-aa8b-376d1499eeaf/graph/ HTTP/1.1" 200 8541
[27/May/2026 17:47:41] "GET /api/builder/workflows/0a6158cb-03f2-4170-aa8b-376d1499eeaf/graph/ HTTP/1.1" 200 8542
[27/May/2026 17:47:42] "GET /api/builder/workflows/0a6158cb-03f2-4170-aa8b-376d1499eeaf/graph/ HTTP/1.1" 200 8542
[27/May/2026 17:47:44] "GET /api/builder/workflows/0a6158cb-03f2-4170-aa8b-376d1499eeaf/graph/ HTTP/1.1" 200 8542
[27/May/2026 17:47:49] "GET /api/builder/workflows/0a6158cb-03f2-4170-aa8b-376d1499eeaf/graph/ HTTP/1.1" 200 8542
[27/May/2026 17:47:53] "GET /api/builder/workflows/0a6158cb-03f2-4170-aa8b-376d1499eeaf/graph/ HTTP/1.1" 200 8542
[27/May/2026 17:47:57] "GET /api/builder/workflows/0a6158cb-03f2-4170-aa8b-376d1499eeaf/graph/ HTTP/1.1" 200 8542
[27/May/2026 17:48:01] "GET /api/builder/workflows/0a6158cb-03f2-4170-aa8b-376d1499eeaf/graph/ HTTP/1.1" 200 8542
[27/May/2026 17:48:04] "GET /api/builder/workflows/0a6158cb-03f2-4170-aa8b-376d1499eeaf/graph/ HTTP/1.1" 200 8542
[27/May/2026 17:48:08] "GET /api/builder/workflows/0a6158cb-03f2-4170-aa8b-376d1499eeaf/graph/ HTTP/1.1" 200 8542
[27/May/2026 17:48:13] "GET /api/builder/workflows/0a6158cb-03f2-4170-aa8b-376d1499eeaf/graph/ HTTP/1.1" 200 8542
[27/May/2026 17:48:17] "GET /api/builder/workflows/0a6158cb-03f2-4170-aa8b-376d1499eeaf/graph/ HTTP/1.1" 200 8542
[27/May/2026 17:48:21] "GET /api/builder/workflows/0a6158cb-03f2-4170-aa8b-376d1499eeaf/graph/ HTTP/1.1" 200 8542
[27/May/2026 17:48:25] "GET /api/builder/workflows/0a6158cb-03f2-4170-aa8b-376d1499eeaf/graph/ HTTP/1.1" 200 8542
[27/May/2026 17:48:28] "GET /api/builder/workflows/0a6158cb-03f2-4170-aa8b-376d1499eeaf/graph/ HTTP/1.1" 200 8542
[27/May/2026 17:48:33] "GET /api/builder/workflows/0a6158cb-03f2-4170-aa8b-376d1499eeaf/graph/ HTTP/1.1" 200 8542
[27/May/2026 17:48:37] "GET /api/builder/workflows/0a6158cb-03f2-4170-aa8b-376d1499eeaf/graph/ HTTP/1.1" 200 8542
[27/May/2026 17:48:41] "GET /api/builder/workflows/0a6158cb-03f2-4170-aa8b-376d1499eeaf/graph/ HTTP/1.1" 200 8542
[27/May/2026 17:48:45] "GET /api/builder/workflows/0a6158cb-03f2-4170-aa8b-376d1499eeaf/graph/ HTTP/1.1" 200 8542
[27/May/2026 17:48:49] "GET /api/builder/workflows/0a6158cb-03f2-4170-aa8b-376d1499eeaf/graph/ HTTP/1.1" 200 8542
[27/May/2026 17:48:53] "GET /api/builder/workflows/0a6158cb-03f2-4170-aa8b-376d1499eeaf/graph/ HTTP/1.1" 200 8542
[27/May/2026 17:48:57] "GET /api/builder/workflows/0a6158cb-03f2-4170-aa8b-376d1499eeaf/graph/ HTTP/1.1" 200 8542
[27/May/2026 17:49:01] "GET /api/builder/workflows/0a6158cb-03f2-4170-aa8b-376d1499eeaf/graph/ HTTP/1.1" 200 8542
[27/May/2026 17:49:05] "GET /api/builder/workflows/0a6158cb-03f2-4170-aa8b-376d1499eeaf/graph/ HTTP/1.1" 200 8542
[27/May/2026 17:49:09] "GET /api/builder/workflows/0a6158cb-03f2-4170-aa8b-376d1499eeaf/graph/ HTTP/1.1" 200 8542
[27/May/2026 17:49:13] "GET /api/builder/workflows/0a6158cb-03f2-4170-aa8b-376d1499eeaf/graph/ HTTP/1.1" 200 8542
[27/May/2026 17:49:17] "GET /api/builder/workflows/0a6158cb-03f2-4170-aa8b-376d1499eeaf/graph/ HTTP/1.1" 200 8542
[27/May/2026 17:49:21] "GET /api/builder/workflows/0a6158cb-03f2-4170-aa8b-376d1499eeaf/graph/ HTTP/1.1" 200 8542
[27/May/2026 17:49:25] "GET /api/builder/workflows/0a6158cb-03f2-4170-aa8b-376d1499eeaf/graph/ HTTP/1.1" 200 8542
[27/May/2026 17:49:29] "GET /api/builder/workflows/0a6158cb-03f2-4170-aa8b-376d1499eeaf/graph/ HTTP/1.1" 200 8542
[27/May/2026 17:49:39] "GET /api/builder/workflows/0a6158cb-03f2-4170-aa8b-376d1499eeaf/graph/ HTTP/1.1" 200 8542
[27/May/2026 17:49:40] "GET /api/builder/workflows/0a6158cb-03f2-4170-aa8b-376d1499eeaf/graph/ HTTP/1.1" 200 8542
[27/May/2026 17:49:45] "GET /api/builder/workflows/0a6158cb-03f2-4170-aa8b-376d1499eeaf/graph/ HTTP/1.1" 200 8542
[27/May/2026 17:49:49] "GET /api/builder/workflows/0a6158cb-03f2-4170-aa8b-376d1499eeaf/graph/ HTTP/1.1" 200 8542
[27/May/2026 17:49:53] "GET /api/builder/workflows/0a6158cb-03f2-4170-aa8b-376d1499eeaf/graph/ HTTP/1.1" 200 8542
[27/May/2026 17:49:57] "GET /api/builder/workflows/0a6158cb-03f2-4170-aa8b-376d1499eeaf/graph/ HTTP/1.1" 200 8542
[27/May/2026 17:50:01] "GET /api/builder/workflows/0a6158cb-03f2-4170-aa8b-376d1499eeaf/graph/ HTTP/1.1" 200 8542
[27/May/2026 17:50:05] "GET /api/builder/workflows/0a6158cb-03f2-4170-aa8b-376d1499eeaf/graph/ HTTP/1.1" 200 8542
[27/May/2026 17:50:09] "GET /api/builder/workflows/0a6158cb-03f2-4170-aa8b-376d1499eeaf/graph/ HTTP/1.1" 200 8540
[27/May/2026 17:50:13] "GET /api/builder/workflows/0a6158cb-03f2-4170-aa8b-376d1499eeaf/graph/ HTTP/1.1" 200 8540
[27/May/2026 17:50:17] "GET /api/builder/workflows/0a6158cb-03f2-4170-aa8b-376d1499eeaf/graph/ HTTP/1.1" 200 8540
[27/May/2026 17:50:21] "GET /api/builder/workflows/0a6158cb-03f2-4170-aa8b-376d1499eeaf/graph/ HTTP/1.1" 200 8540
[27/May/2026 17:50:24] "GET /api/builder/workflows/0a6158cb-03f2-4170-aa8b-376d1499eeaf/graph/ HTTP/1.1" 200 8540
[27/May/2026 17:50:28] "GET /api/builder/workflows/0a6158cb-03f2-4170-aa8b-376d1499eeaf/graph/ HTTP/1.1" 200 8540
[27/May/2026 17:50:32] "GET /api/builder/workflows/0a6158cb-03f2-4170-aa8b-376d1499eeaf/graph/ HTTP/1.1" 200 8540
[27/May/2026 17:50:36] "GET /api/builder/workflows/0a6158cb-03f2-4170-aa8b-376d1499eeaf/graph/ HTTP/1.1" 200 8540
[27/May/2026 17:50:40] "GET /api/builder/workflows/0a6158cb-03f2-4170-aa8b-376d1499eeaf/graph/ HTTP/1.1" 200 8538
[27/May/2026 17:50:44] "GET /api/builder/workflows/0a6158cb-03f2-4170-aa8b-376d1499eeaf/graph/ HTTP/1.1" 200 8538
[27/May/2026 17:50:46] "GET /api/builder/catalog/categories/ HTTP/1.1" 200 6208
[27/May/2026 17:50:46] "GET /api/agent-tools/ HTTP/1.1" 200 21393
[27/May/2026 17:50:46] "GET /api/agent-tools/ HTTP/1.1" 200 21393
[27/May/2026 17:50:47] "GET /api/builder/workflows/0a6158cb-03f2-4170-aa8b-376d1499eeaf/graph/ HTTP/1.1" 200 8565
[27/May/2026 17:50:48] "GET /api/builder/workflows/0a6158cb-03f2-4170-aa8b-376d1499eeaf/graph/ HTTP/1.1" 200 8565
[27/May/2026 17:50:48] "GET /api/agent-tools/ HTTP/1.1" 200 21393
[27/May/2026 17:50:49] "GET /api/agent-tools/ HTTP/1.1" 200 21393
[27/May/2026 17:50:53] "GET /api/builder/workflows/0a6158cb-03f2-4170-aa8b-376d1499eeaf/graph/ HTTP/1.1" 200 8565
[27/May/2026 17:50:57] "GET /api/builder/workflows/0a6158cb-03f2-4170-aa8b-376d1499eeaf/graph/ HTTP/1.1" 200 8565
[27/May/2026 17:51:01] "GET /api/builder/workflows/0a6158cb-03f2-4170-aa8b-376d1499eeaf/graph/ HTTP/1.1" 200 8565
[27/May/2026 17:51:05] "GET /api/builder/workflows/0a6158cb-03f2-4170-aa8b-376d1499eeaf/graph/ HTTP/1.1" 200 8565
[27/May/2026 17:51:09] "GET /api/builder/workflows/0a6158cb-03f2-4170-aa8b-376d1499eeaf/graph/ HTTP/1.1" 200 8565
[27/May/2026 17:51:13] "GET /api/builder/workflows/0a6158cb-03f2-4170-aa8b-376d1499eeaf/graph/ HTTP/1.1" 200 8565
[27/May/2026 17:51:17] "GET /api/builder/workflows/0a6158cb-03f2-4170-aa8b-376d1499eeaf/graph/ HTTP/1.1" 200 8565
[27/May/2026 17:51:21] "GET /api/builder/workflows/0a6158cb-03f2-4170-aa8b-376d1499eeaf/graph/ HTTP/1.1" 200 8565
[27/May/2026 17:51:25] "GET /api/builder/workflows/0a6158cb-03f2-4170-aa8b-376d1499eeaf/graph/ HTTP/1.1" 200 8565
[27/May/2026 17:51:29] "GET /api/builder/workflows/0a6158cb-03f2-4170-aa8b-376d1499eeaf/graph/ HTTP/1.1" 200 8565
[27/May/2026 17:51:33] "GET /api/builder/workflows/0a6158cb-03f2-4170-aa8b-376d1499eeaf/graph/ HTTP/1.1" 200 8592
[27/May/2026 17:51:37] "GET /api/builder/workflows/0a6158cb-03f2-4170-aa8b-376d1499eeaf/graph/ HTTP/1.1" 200 8592
[27/May/2026 17:51:41] "GET /api/builder/workflows/0a6158cb-03f2-4170-aa8b-376d1499eeaf/graph/ HTTP/1.1" 200 8592
[27/May/2026 17:51:45] "GET /api/builder/workflows/0a6158cb-03f2-4170-aa8b-376d1499eeaf/graph/ HTTP/1.1" 200 8592
[27/May/2026 17:51:49] "GET /api/builder/workflows/0a6158cb-03f2-4170-aa8b-376d1499eeaf/graph/ HTTP/1.1" 200 8592
[27/May/2026 17:51:53] "GET /api/builder/workflows/0a6158cb-03f2-4170-aa8b-376d1499eeaf/graph/ HTTP/1.1" 200 8592
[27/May/2026 17:51:57] "GET /api/builder/workflows/0a6158cb-03f2-4170-aa8b-376d1499eeaf/graph/ HTTP/1.1" 200 8592
[27/May/2026 17:52:01] "GET /api/builder/workflows/0a6158cb-03f2-4170-aa8b-376d1499eeaf/graph/ HTTP/1.1" 200 8592
[27/May/2026 17:52:05] "GET /api/builder/workflows/0a6158cb-03f2-4170-aa8b-376d1499eeaf/graph/ HTTP/1.1" 200 8592
[27/May/2026 17:52:09] "GET /api/builder/workflows/0a6158cb-03f2-4170-aa8b-376d1499eeaf/graph/ HTTP/1.1" 200 8592
[27/May/2026 17:52:13] "GET /api/builder/workflows/0a6158cb-03f2-4170-aa8b-376d1499eeaf/graph/ HTTP/1.1" 200 8592
[27/May/2026 17:52:17] "GET /api/builder/workflows/0a6158cb-03f2-4170-aa8b-376d1499eeaf/graph/ HTTP/1.1" 200 8592
[27/May/2026 17:52:21] "GET /api/builder/workflows/0a6158cb-03f2-4170-aa8b-376d1499eeaf/graph/ HTTP/1.1" 200 8592
[27/May/2026 17:52:25] "GET /api/builder/workflows/0a6158cb-03f2-4170-aa8b-376d1499eeaf/graph/ HTTP/1.1" 200 8592
[27/May/2026 17:52:29] "GET /api/builder/workflows/0a6158cb-03f2-4170-aa8b-376d1499eeaf/graph/ HTTP/1.1" 200 8592
[27/May/2026 17:52:33] "GET /api/builder/workflows/0a6158cb-03f2-4170-aa8b-376d1499eeaf/graph/ HTTP/1.1" 200 8592
[27/May/2026 17:52:37] "GET /api/builder/workflows/0a6158cb-03f2-4170-aa8b-376d1499eeaf/graph/ HTTP/1.1" 200 8592
[27/May/2026 17:52:41] "GET /api/builder/workflows/0a6158cb-03f2-4170-aa8b-376d1499eeaf/graph/ HTTP/1.1" 200 8592
[27/May/2026 17:52:45] "GET /api/builder/workflows/0a6158cb-03f2-4170-aa8b-376d1499eeaf/graph/ HTTP/1.1" 200 8592
[27/May/2026 17:52:49] "GET /api/builder/workflows/0a6158cb-03f2-4170-aa8b-376d1499eeaf/graph/ HTTP/1.1" 200 8592
[27/May/2026 17:52:53] "GET /api/builder/workflows/0a6158cb-03f2-4170-aa8b-376d1499eeaf/graph/ HTTP/1.1" 200 8592
[27/May/2026 17:52:59] "GET /api/builder/workflows/0a6158cb-03f2-4170-aa8b-376d1499eeaf/graph/ HTTP/1.1" 200 8592
[27/May/2026 17:53:59] "GET /api/builder/workflows/0a6158cb-03f2-4170-aa8b-376d1499eeaf/graph/ HTTP/1.1" 200 8592
[27/May/2026 17:54:59] "GET /api/builder/workflows/0a6158cb-03f2-4170-aa8b-376d1499eeaf/graph/ HTTP/1.1" 200 8592
[27/May/2026 17:55:59] "GET /api/builder/workflows/0a6158cb-03f2-4170-aa8b-376d1499eeaf/graph/ HTTP/1.1" 200 8592
[27/May/2026 17:56:59] "GET /api/builder/workflows/0a6158cb-03f2-4170-aa8b-376d1499eeaf/graph/ HTTP/1.1" 200 8592
[27/May/2026 17:57:59] "GET /api/builder/workflows/0a6158cb-03f2-4170-aa8b-376d1499eeaf/graph/ HTTP/1.1" 200 8592
[27/May/2026 17:58:59] "GET /api/builder/workflows/0a6158cb-03f2-4170-aa8b-376d1499eeaf/graph/ HTTP/1.1" 200 8592
[27/May/2026 17:59:59] "GET /api/builder/workflows/0a6158cb-03f2-4170-aa8b-376d1499eeaf/graph/ HTTP/1.1" 200 8592
[27/May/2026 18:00:59] "GET /api/builder/workflows/0a6158cb-03f2-4170-aa8b-376d1499eeaf/graph/ HTTP/1.1" 200 8592
[27/May/2026 18:01:59] "GET /api/builder/workflows/0a6158cb-03f2-4170-aa8b-376d1499eeaf/graph/ HTTP/1.1" 200 8592
[27/May/2026 18:02:59] "GET /api/builder/workflows/0a6158cb-03f2-4170-aa8b-376d1499eeaf/graph/ HTTP/1.1" 200 8592
[27/May/2026 18:03:59] "GET /api/builder/workflows/0a6158cb-03f2-4170-aa8b-376d1499eeaf/graph/ HTTP/1.1" 200 8592
[27/May/2026 18:04:59] "GET /api/builder/workflows/0a6158cb-03f2-4170-aa8b-376d1499eeaf/graph/ HTTP/1.1" 200 8592
[27/May/2026 18:05:59] "GET /api/builder/workflows/0a6158cb-03f2-4170-aa8b-376d1499eeaf/graph/ HTTP/1.1" 200 8592
[27/May/2026 18:06:59] "GET /api/builder/workflows/0a6158cb-03f2-4170-aa8b-376d1499eeaf/graph/ HTTP/1.1" 200 8592
[27/May/2026 18:07:59] "GET /api/builder/workflows/0a6158cb-03f2-4170-aa8b-376d1499eeaf/graph/ HTTP/1.1" 200 8592
[27/May/2026 18:08:59] "GET /api/builder/workflows/0a6158cb-03f2-4170-aa8b-376d1499eeaf/graph/ HTTP/1.1" 200 8592
